........................................................................ [ 46%]
........................................................................ [ 93%]
..........                                                               [100%]
154 passed in 1.14s
